// Jest Snapshot v1, https://goo.gl/fbAQLP

exports[`should verify snapshot 1`] = `
<DocumentFragment>
  <div
    class="MuiBox-root css-nrbnup"
    id="contact-me-section"
  >
    <div
      class="MuiGrid-root MuiGrid-container MuiGrid-spacing-xs-2 css-1cc0m9b-MuiGrid-root"
    >
      <div
        class="MuiGrid-root MuiGrid-item MuiGrid-grid-xs-12 MuiGrid-grid-sm-6 MuiGrid-grid-lg-6 css-1o0ho46-MuiGrid-root"
      >
        <a
          class="MuiTypography-root MuiTypography-inherit MuiLink-root MuiLink-underlineAlways css-s5jmrt-MuiTypography-root-MuiLink-root"
          href="mailto:hemlatakhandal95@gmail.com"
          rel="noreferrer"
          target="_blank"
        >
          <svg
            aria-hidden="true"
            class="MuiSvgIcon-root MuiSvgIcon-fontSizeMedium css-i4bv87-MuiSvgIcon-root"
            data-testid="EmailIcon"
            focusable="false"
            viewBox="0 0 24 24"
          >
            <path
              d="M20 4H4c-1.1 0-1.99.9-1.99 2L2 18c0 1.1.9 2 2 2h16c1.1 0 2-.9 2-2V6c0-1.1-.9-2-2-2zm0 4-8 5-8-5V6l8 5 8-5v2z"
            />
          </svg>
           
          <p
            class="MuiTypography-root MuiTypography-body1 css-3hfxt3-MuiTypography-root"
          >
            hemlatakhandal95@gmail.com
          </p>
        </a>
      </div>
      <div
        class="MuiGrid-root MuiGrid-item MuiGrid-grid-xs-12 MuiGrid-grid-sm-6 MuiGrid-grid-lg-6 css-1o0ho46-MuiGrid-root"
      >
        <a
          class="MuiTypography-root MuiTypography-inherit MuiLink-root MuiLink-underlineAlways css-s5jmrt-MuiTypography-root-MuiLink-root"
          href="https://www.linkedin.com/in/hemlatakhandal/"
          rel="noreferrer"
          target="_blank"
        >
          <svg
            aria-hidden="true"
            class="MuiSvgIcon-root MuiSvgIcon-fontSizeMedium css-i4bv87-MuiSvgIcon-root"
            data-testid="LinkedInIcon"
            focusable="false"
            viewBox="0 0 24 24"
          >
            <path
              d="M19 3a2 2 0 0 1 2 2v14a2 2 0 0 1-2 2H5a2 2 0 0 1-2-2V5a2 2 0 0 1 2-2h14m-.5 15.5v-5.3a3.26 3.26 0 0 0-3.26-3.26c-.85 0-1.84.52-2.32 1.3v-1.11h-2.79v8.37h2.79v-4.93c0-.77.62-1.4 1.39-1.4a1.4 1.4 0 0 1 1.4 1.4v4.93h2.79M6.88 8.56a1.68 1.68 0 0 0 1.68-1.68c0-.93-.75-1.69-1.68-1.69a1.69 1.69 0 0 0-1.69 1.69c0 .93.76 1.68 1.69 1.68m1.39 9.94v-8.37H5.5v8.37h2.77z"
            />
          </svg>
           
          <p
            class="MuiTypography-root MuiTypography-body1 css-3hfxt3-MuiTypography-root"
          >
            /hemlatakhandal
          </p>
        </a>
      </div>
    </div>
    <div
      class="MuiPaper-root MuiPaper-outlined MuiPaper-rounded css-9z0lrs-MuiPaper-root"
    >
      <p
        class="MuiTypography-root MuiTypography-body2 css-184vs5g-MuiTypography-root"
      >
        All third-party trademarks (including logos and icons) referenced in this site remain the property of their respective owners. All references in this site to third party trademarks are to identify the corresponding third party goods and/or services and intended to constitute nominative fair use under applicable trademark laws.
      </p>
    </div>
    <hr
      class="MuiDivider-root MuiDivider-fullWidth css-9mgopn-MuiDivider-root"
    />
    <p
      class="MuiTypography-root MuiTypography-body2 css-13z6ubz-MuiTypography-root"
    >
      © 2024 Hemlata Khandal | All Right Reserved |  v1.2.1
    </p>
  </div>
</DocumentFragment>
`;
